// Jest Snapshot v1, https://goo.gl/fbAQLP

exports[`test for <TodoAdd /> should show component correctly 1`] = `
<Fragment>
  <h4>
     Add todo 
  </h4>
  <hr />
  <form
    onSubmit={[Function]}
  >
    <input
      autoComplete="off"
      className="form-control"
      name="description"
      onChange={[Function]}
      placeholder="Learn..."
      type="text"
      value=""
    />
    <button
      className="btn btn-outline-primary mt-1 btn-block"
      type="submit"
    >
      Add
    </button>
  </form>
</Fragment>
`;
