// Jest Snapshot v1, https://goo.gl/fbAQLP

exports[`Test for <MultipleCustomHooks /> should show component correctly 1`] = `
<div>
  <h1>
    Breaking Bad Quotes 
  </h1>
  <hr />
  <div
    className="alert alert-info"
  >
    Loading...
  </div>
</div>
`;
