// Jest Snapshot v1, https://goo.gl/fbAQLP

exports[`Test for <RealExampleRef /> should show component correctly 1`] = `
<div>
  <h1>
    Real Example Ref
  </h1>
  <hr />
  <button
    className="btn btn-dark mt-5"
    onClick={[Function]}
  >
    Show/Hide
  </button>
</div>
`;
