// Jest Snapshot v1, https://goo.gl/fbAQLP

exports[`Test for <HookApp /> should show component correctly 1`] = `
<div>
  <h1>
    Hola Mundo
  </h1>
</div>
`;
