// Jest Snapshot v1, https://goo.gl/fbAQLP

exports[`test for <AppRouter /> should show comp correctly 1`] = `
Array [
  <div>
    <nav
      className="navbar navbar-expand-sm navbar-dark bg-dark"
    >
      <a
        className="navbar-brand"
        href="/"
        onClick={[Function]}
      >
        useContext
      </a>
      <div
        className="collapse navbar-collapse"
        id="navbarNavAltMarkup"
      >
        <div
          className="navbar-nav"
        >
          <a
            aria-current="page"
            className="nav-link active"
            href="/"
            onClick={[Function]}
            style={Object {}}
          >
            Home 
          </a>
          <a
            aria-current={null}
            className="nav-link"
            href="/about"
            onClick={[Function]}
          >
            About
          </a>
          <a
            aria-current={null}
            className="nav-link"
            href="/login"
            onClick={[Function]}
          >
            Login
          </a>
        </div>
      </div>
    </nav>
    <div
      className="container mt-3"
    >
      <div>
        <h1>
          HomeScreen
        </h1>
        <hr />
        <pre>
          {
   "id": 1,
   "name": "Moises"
}
        </pre>
      </div>
    </div>
  </div>,
  " );",
]
`;
