// Jest Snapshot v1, https://goo.gl/fbAQLP

exports[`test for <HomeScreen /> should show component correctly 1`] = `
<div>
  <h1>
    HomeScreen
  </h1>
  <hr />
  <pre>
    {
   "name": "Moises",
   "email": "moises@gmail.com"
}
  </pre>
</div>
`;
